********************************************************************************
   General Structure Analysis System-II Crystal Structure Refinement
              by Robert B. Von Dreele & Brian H. Toby
                Argonne National Laboratory(C), 2010
 This product includes software developed by the UChicago Argonne, LLC,
            as Operator of Argonne National Laboratory.
                          Please cite:
   B.H. Toby & R.B. Von Dreele, J. Appl. Cryst. 46, 544-549 (2013)
********************************************************************************
 Least squares controls:
 Refinement type: analytic Hessian
 Maximum number of cycles: 10
 Regularize hydrogens (if any): False
 Initial shift factor: 1.000

 Phases:

 Phase name: Mn3Ga_monoclinic
=======================================================================================================================================

 X-ray scattering factors:
   Symbol     fa                                      fb                                      fc
---------------------------------------------------------------------------------------------------
 Mn        11.28190   7.35730   3.01930   2.24410   5.34090   0.34320  17.86740  83.75430   1.08960
 Ga        15.23540   6.70060   4.35910   2.96230   3.06690   0.24120  10.78050  61.41350   1.71890

 Electron scattering factors:
   Symbol     fa                                                fb
---------------------------------------------------------------------------------------------------
 Mn         0.19430   0.81900   1.92960   2.49680   2.06250   0.11350   1.13130   5.03410  24.17980  80.55980
 Ga         0.21350   0.97680   1.66690   2.56620   1.67900   0.10200   1.02190   4.62750  22.87420  80.15350

 Neutron scattering factors:
   Symbol   isotope       mass       b       resonant terms
---------------------------------------------------------------------------------------------------
 Mn      Nat. Abund.     54.938   -0.375
 Ga      Nat. Abund.     69.720    0.729

 Space Group: P 21/m
 The lattice is centrosymmetric primitive monoclinic
 The Laue symmetry is 2/m
 The lattice point group is 2/m
 Multiplicity of a general site is 4
 The unique monoclinic axis is b
 The inversion center is located at 0,0,0
 
 The equivalent positions are:

 ( 1)     X,     Y,     Z 
 ( 2)    -X, 1/2+Y,    -Z 

 Atoms:
   name    type  refine?   x         y         z      frac site sym  mult I/A   Uiso     U11     U22     U33     U12     U13     U23
---------------------------------------------------------------------------------------------------------------------------------------
    Mn1     Mn     XU   0.34336   0.25000   0.17388   0.978   m(y)    2    I 0.00399                                                
    Mn2     Mn     XU   0.84396   0.25000   0.17646   0.978   m(y)    2    I 0.00399                                                
    Mn3     Mn     XU   0.84042   0.25000   0.67509   0.978   m(y)    2    I 0.00399                                                
    Ga1     Ga     XU   0.33679   0.25000   0.66547   1.005   m(y)    2    I 0.00328                                                

 Unit cell: a = 5.42479 b = 4.34602 c = 5.34244 alpha = 90.000 beta = 119.507 gamma = 90.000 volume = 109.618 Refine? True

 Phase name: Manganese oxide
=======================================================================================================================================

 X-ray scattering factors:
   Symbol     fa                                      fb                                      fc
---------------------------------------------------------------------------------------------------
 Mn+2      10.80610   7.36200   3.52680   0.21840   5.27960   0.34350  14.34300  41.32350   1.08740
 O-2        3.76936   2.53342   1.91579   1.55094  15.07970   6.30430  40.34450   0.31291   0.22789

 Electron scattering factors:
   Symbol     fa                                                fb
---------------------------------------------------------------------------------------------------

 Neutron scattering factors:
   Symbol   isotope       mass       b       resonant terms
---------------------------------------------------------------------------------------------------
 Mn+2    Nat. Abund.     54.938   -0.375
 O-2     Nat. Abund.     15.999    0.581

 Space Group: F m -3 m
 The lattice is centrosymmetric F-centered cubic
 The Laue symmetry is m3m
 The lattice point group is m3m
 Multiplicity of a general site is 192
 The inversion center is located at 0,0,0
 
 The equivalent positions are:

 (0,0,0; 0,1/2,1/2; 1/2,0,1/2; 1/2,1/2,0)+

 ( 1)     X,     Y,     Z 
 ( 2)     Z,     X,     Y 
 ( 3)     Y,     Z,     X 
 ( 4)     X,     Y,    -Z 
 ( 5)    -Z,     X,     Y 
 ( 6)     Y,    -Z,     X 
 ( 7)    -Z,     X,    -Y 
 ( 8)    -Y,    -Z,     X 
 ( 9)     Y,    -Z,    -X 
 (10)    -X,     Y,    -Z 
 (11)    -Z,    -X,     Y 
 (12)     X,    -Y,    -Z 
 (13)     Y,     X,     Z 
 (14)     Z,     Y,     X 
 (15)     X,     Z,     Y 
 (16)     Y,     X,    -Z 
 (17)    -Z,     Y,     X 
 (18)     X,    -Z,     Y 
 (19)    -Z,     Y,    -X 
 (20)    -X,    -Z,     Y 
 (21)     X,    -Z,    -Y 
 (22)    -Y,     X,    -Z 
 (23)    -Z,    -Y,     X 
 (24)     Y,    -X,    -Z 

 Atoms:
   name    type  refine?   x         y         z      frac site sym  mult I/A   Uiso     U11     U22     U33     U12     U13     U23
---------------------------------------------------------------------------------------------------------------------------------------
    Mn1   Mn+2          0.00000   0.00000   0.00000   1.000    m3m    4    I 0.00546                                                
     O1    O-2          0.50000   0.50000   0.50000   1.000    m3m    4    I 0.00830                                                

 Unit cell: a = 4.43823 b = 4.43823 c = 4.43823 alpha = 90.000 beta = 90.000 gamma = 90.000 volume = 87.424 Refine? False

 Phase: Mn3Ga_monoclinic in histogram: PWDR PG3_45614_200K.gsa Bank 1
=======================================================================================================================================
 Phase fraction  :      0.945 Refine? False
 Extinction coeff:     0.0000 Refine? False
 March-Dollase PO:     1.0000 Refine? False Axis: 0 0 1

 Size model    : isotropic equatorial:       1.000 Refine? False
	 LG mixing coeff.:       1.0000 Refine? False

 Mustrain model:  uniaxial equatorial:      1562.3 Refine? False axial:      4990.4 Refine? False
	 LG mixing coeff.:      1.0000 Refine? False

 Hydrostatic/elastic strain:
 names :         D11         D22         D33         D13
 values:           0           0           0           0
 refine:       False       False       False       False
 Layer Displacement:      0.000 Refine? False

 Phase: Manganese oxide in histogram: PWDR PG3_45614_200K.gsa Bank 1
=======================================================================================================================================
 Phase fraction  :      0.055 Refine? False
 Extinction coeff:     0.0000 Refine? False
 March-Dollase PO:     1.0000 Refine? False Axis: 0 0 1

 Size model    : isotropic equatorial:       1.000 Refine? False
	 LG mixing coeff.:       1.0000 Refine? False

 Mustrain model: isotropic equatorial:      1000.0 Refine? False
	 LG mixing coeff.:      1.0000 Refine? False

 Hydrostatic/elastic strain:
 names :         D11          eA
 values:           0           0
 refine:       False       False
 Layer Displacement:      0.000 Refine? False

 Histogram: PWDR PG3_45614_200K.gsa Bank 1 histogram Id: 0
=======================================================================================================================================
 Instrument type: Debye-Scherrer
 Histogram limits:  9435.89 msec to 45526.52 msec

 Sample Parameters:
 Goniometer omega = 0.00, chi = 0.00, phi = 0.00
 name  :         Scale    Absorption     DisplaceX     DisplaceY
 value :    26344.6369        0.0000        0.0000        0.0000
 refine:          True         False         False         False

 Instrument Parameters:
 name  :     2-theta     Azimuth           X           Y           Z        Zero       alpha
 value :   90.000000    0.000000   17.885069   -7.193934   -7.041164   -0.316317    0.133240
 refine:       False                   False       False       False       False       False

 name  :      beta-0      beta-1      beta-q        difA        difB        difC     fltPath       sig-0       sig-1
 value :    0.012789   -0.006511    0.061712   -2.390104   -0.09728122579.855755   63.183000  -41.264158 -569.463984
 refine:       False       False       False       False       False       False                   False       False

 name  :       sig-2       sig-q
 value :  465.027651  312.533719
 refine:       False       False

 Background function: chebyschev Refine? True
 Coefficients:     35.416     1.609     6.089    -3.803    -8.865    -0.824     8.984
 Fixed background file: ; mult: 1.000  Refine? False

 Refinement results:
---------------------------------------------------------------------------------------------------------------------------------------
 Number of function calls: 5 No. of observations: 1970 No. of parameters: 22 User rejected: 0 Sp. gp. extinct: 0
 Refinement time =    3.630s,    1.815s/cycle, for 2 cycles
 wR =    3.51%, chi**2 =      17749.7, GOF =   3.02
----------------------------------------------------------------------------------------------------------------------------------
Parameters generated by constraints

 name  :     0::AUiso:0
 value :        0.00386
 sig   :        0.00030 

 Phases:
 Result for phase: Mn3Ga_monoclinic
=======================================================================================================================================
 Reciprocal metric tensor: 
  names :            A11            A22            A33            A12            A13            A23
  values:    0.044863737    0.052944416    0.046256940    0.000000000    0.044873592    0.000000000
  esds  :    0.000002209    0.000002290    0.000008626                   0.000014704               
 New unit cell:
  names :           a           b           c       alpha        beta       gamma      Volume
  values:    5.424791    4.346002    5.342472     90.0000    119.5064     90.0000     109.619
  esds  :    0.005563    0.000094    0.005812                  0.0110                   0.004

 Atoms:
   name      x         y         z      frac   Uiso     U11     U22     U33     U12     U13     U23
---------------------------------------------------------------------------------------------------------------------------------------
    Mn1     Mn:
 values:   0.34337   0.25000   0.17326   0.978 0.00386
 sig   :   0.00070             0.00228         0.00030 
    Mn2     Mn:
 values:   0.84372   0.25000   0.17629   0.978 0.00386
 sig   :   0.00184             0.00200         (.00030)
    Mn3     Mn:
 values:   0.84063   0.25000   0.67521   0.978 0.00386
 sig   :   0.00184             0.00160         (.00030)
    Ga1     Ga:
 values:   0.33672   0.25000   0.66496   1.005 0.00327
 sig   :   0.00036             0.00126         0.00018 

 Density: 7.0054 g/cm**3
 Result for phase: Manganese oxide
=======================================================================================================================================

 Atoms:
   name      x         y         z      frac   Uiso     U11     U22     U33     U12     U13     U23
---------------------------------------------------------------------------------------------------------------------------------------
    Mn1   Mn+2:
 values:   0.00000   0.00000   0.00000   1.000 0.00546
 sig   :                                               
     O1    O-2:
 values:   0.50000   0.50000   0.50000   1.000 0.00830
 sig   :                                               

 Density: 5.3895 g/cm**3

 Phase: Mn3Ga_monoclinic in histogram: PWDR PG3_45614_200K.gsa Bank 1
=======================================================================================================================================
 Final refinement RF, RF^2 = 2.43%, 6.18% on 1669 reflections
 Durbin-Watson statistic = 0.646
 Bragg intensity sum = 5.89e+05
 Phase fraction  :      0.945, sig          0 Weight fraction  :  0.96552, sig    0.00000

 Phase: Manganese oxide in histogram: PWDR PG3_45614_200K.gsa Bank 1
=======================================================================================================================================
 Final refinement RF, RF^2 = 2.47%, 5.17% on 50 reflections
 Durbin-Watson statistic = 0.646
 Bragg intensity sum = 2.16e+04
 Phase fraction  :      0.055, sig          0 Weight fraction  :  0.03448, sig    0.00000

 Histogram: PWDR PG3_45614_200K.gsa Bank 1 histogram Id: 0
=======================================================================================================================================
 PWDR histogram weight factor = 1.000
 Final refinement wR = 3.51% on 1970 observations in this histogram
 Other residuals: R = 3.62%, R-bkg = 5.04%, wR-bkg = 3.51% wRmin = 1.17%
 Instrument type: Debye-Scherrer

 Sample Parameters:
 names :         Scale    Absorption     DisplaceX     DisplaceY
 values:    26308.0922        0.0000        0.0000        0.0000
 sig   :      176.4933                                          

 Background function: chebyschev
 value :       35.3    0.8973     7.185    -8.062    -14.89     5.262     14.75
 sig   :     0.1439    0.5655     1.444     2.411     3.941     2.284     3.045
 Background sums: empirical 7.39e+04, Debye 0, peaks 0, Total 7.39e+04
