********************************************************************************
   General Structure Analysis System-II Crystal Structure Refinement
              by Robert B. Von Dreele & Brian H. Toby
                Argonne National Laboratory(C), 2010
 This product includes software developed by the UChicago Argonne, LLC,
            as Operator of Argonne National Laboratory.
                          Please cite:
   B.H. Toby & R.B. Von Dreele, J. Appl. Cryst. 46, 544-549 (2013)
********************************************************************************
 Least squares controls:
 Refinement type: analytic Hessian
 Maximum number of cycles: 10
 Regularize hydrogens (if any): False
 Initial shift factor: 1.000

 Phases:

 Phase name: Manganese oxide
=======================================================================================================================================

 X-ray scattering factors:
   Symbol     fa                                      fb                                      fc
---------------------------------------------------------------------------------------------------
 Mn+2      10.80610   7.36200   3.52680   0.21840   5.27960   0.34350  14.34300  41.32350   1.08740
 O-2        3.76936   2.53342   1.91579   1.55094  15.07970   6.30430  40.34450   0.31291   0.22789

 Electron scattering factors:
   Symbol     fa                                                fb
---------------------------------------------------------------------------------------------------

 Neutron scattering factors:
   Symbol   isotope       mass       b       resonant terms
---------------------------------------------------------------------------------------------------
 Mn+2    Nat. Abund.     54.938   -0.375
 O-2     Nat. Abund.     15.999    0.581

 Space Group: F m -3 m
 The lattice is centrosymmetric F-centered cubic
 The Laue symmetry is m3m
 The lattice point group is m3m
 Multiplicity of a general site is 192
 The inversion center is located at 0,0,0
 
 The equivalent positions are:

 (0,0,0; 0,1/2,1/2; 1/2,0,1/2; 1/2,1/2,0)+

 ( 1)     X,     Y,     Z 
 ( 2)     Z,     X,     Y 
 ( 3)     Y,     Z,     X 
 ( 4)     X,     Y,    -Z 
 ( 5)    -Z,     X,     Y 
 ( 6)     Y,    -Z,     X 
 ( 7)    -Z,     X,    -Y 
 ( 8)    -Y,    -Z,     X 
 ( 9)     Y,    -Z,    -X 
 (10)    -X,     Y,    -Z 
 (11)    -Z,    -X,     Y 
 (12)     X,    -Y,    -Z 
 (13)     Y,     X,     Z 
 (14)     Z,     Y,     X 
 (15)     X,     Z,     Y 
 (16)     Y,     X,    -Z 
 (17)    -Z,     Y,     X 
 (18)     X,    -Z,     Y 
 (19)    -Z,     Y,    -X 
 (20)    -X,    -Z,     Y 
 (21)     X,    -Z,    -Y 
 (22)    -Y,     X,    -Z 
 (23)    -Z,    -Y,     X 
 (24)     Y,    -X,    -Z 

 Atoms:
   name    type  refine?   x         y         z      frac site sym  mult I/A   Uiso     U11     U22     U33     U12     U13     U23
---------------------------------------------------------------------------------------------------------------------------------------
    Mn1   Mn+2          0.00000   0.00000   0.00000   1.000    m3m    4    I 0.00546                                                
     O1    O-2          0.50000   0.50000   0.50000   1.000    m3m    4    I 0.00830                                                

 Unit cell: a = 4.43922 b = 4.43922 c = 4.43922 alpha = 90.000 beta = 90.000 gamma = 90.000 volume = 87.482 Refine? False

 Phase name: Mn3Ga_CmCm
=======================================================================================================================================

 X-ray scattering factors:
   Symbol     fa                                      fb                                      fc
---------------------------------------------------------------------------------------------------
 Mn        11.28190   7.35730   3.01930   2.24410   5.34090   0.34320  17.86740  83.75430   1.08960
 Ga        15.23540   6.70060   4.35910   2.96230   3.06690   0.24120  10.78050  61.41350   1.71890

 Electron scattering factors:
   Symbol     fa                                                fb
---------------------------------------------------------------------------------------------------
 Mn         0.19430   0.81900   1.92960   2.49680   2.06250   0.11350   1.13130   5.03410  24.17980  80.55980
 Ga         0.21350   0.97680   1.66690   2.56620   1.67900   0.10200   1.02190   4.62750  22.87420  80.15350

 Neutron scattering factors:
   Symbol   isotope       mass       b       resonant terms
---------------------------------------------------------------------------------------------------
 Mn      Nat. Abund.     54.938   -0.375
 Ga      Nat. Abund.     69.720    0.729

 Space Group: C m c m
 The lattice is centrosymmetric C-centered orthorhombic
 The Laue symmetry is mmm
 The lattice point group is mmm
 Multiplicity of a general site is 16
 The inversion center is located at 0,0,0
 
 The equivalent positions are:

 (0,0,0; 1/2,1/2,0)+

 ( 1)     X,     Y,     Z 
 ( 2)    -X,     Y,     Z 
 ( 3)     X,    -Y, 1/2+Z 
 ( 4)    -X,    -Y, 1/2+Z 

 Atoms:
   name    type  refine?   x         y         z      frac site sym  mult I/A   Uiso     U11     U22     U33     U12     U13     U23
---------------------------------------------------------------------------------------------------------------------------------------
  Mn1_1     Mn     XU   0.00000   0.16387   0.25000   0.978 mm2(y)    4    I 0.01843                                                
  Mn1_2     Mn     XU   0.25419   0.41806   0.25000   0.978   m(z)    8    I 0.01843                                                
  Ga1_1     Ga     XU   0.00000   0.66667   0.25000   1.005 mm2(y)    4    I 0.00271                                                

 Unit cell: a = 5.34266 b = 9.44256 c = 4.34572 alpha = 90.000 beta = 90.000 gamma = 90.000 volume = 219.235 Refine? True

 Phase: Manganese oxide in histogram: PWDR PG3_45614_200K.gsa Bank 1
=======================================================================================================================================
 Phase fraction  :      0.055 Refine? False
 Extinction coeff:     0.0000 Refine? False
 March-Dollase PO:     1.0000 Refine? False Axis: 0 0 1

 Size model    : isotropic equatorial:       1.000 Refine? False
	 LG mixing coeff.:       1.0000 Refine? False

 Mustrain model: isotropic equatorial:      1000.0 Refine? False
	 LG mixing coeff.:      1.0000 Refine? False

 Hydrostatic/elastic strain:
 names :         D11          eA
 values:           0           0
 refine:       False       False
 Layer Displacement:      0.000 Refine? False

 Phase: Mn3Ga_CmCm in histogram: PWDR PG3_45614_200K.gsa Bank 1
=======================================================================================================================================
 Phase fraction  :      0.945 Refine? False
 Extinction coeff:     0.0000 Refine? False
 March-Dollase PO:     1.0000 Refine? False Axis: 0 0 1

 Size model    : isotropic equatorial:       1.000 Refine? False
	 LG mixing coeff.:       1.0000 Refine? False

 Mustrain model: isotropic equatorial:      1000.0 Refine? False
	 LG mixing coeff.:      1.0000 Refine? False

 Hydrostatic/elastic strain:
 names :         D11         D22         D33
 values:           0           0           0
 refine:       False       False       False
 Layer Displacement:      0.000 Refine? False

 Histogram: PWDR PG3_45614_200K.gsa Bank 1 histogram Id: 0
=======================================================================================================================================
 Instrument type: Debye-Scherrer
 Histogram limits:  8000.00 msec to 55006.56 msec

 Sample Parameters:
 Goniometer omega = 0.00, chi = 0.00, phi = 0.00
 name  :         Scale    Absorption     DisplaceX     DisplaceY
 value :    13470.7597        0.0000        0.0000        0.0000
 refine:          True         False         False         False

 Instrument Parameters:
 name  :     2-theta     Azimuth           X           Y           Z        Zero       alpha
 value :   90.000000    0.000000   17.885069   -7.193934   -7.041164   -0.316317    0.133240
 refine:       False                   False       False       False       False       False

 name  :      beta-0      beta-1      beta-q        difA        difB        difC     fltPath       sig-0       sig-1
 value :    0.012789   -0.006511    0.061712   -2.390104   -0.09728122579.855755   63.183000  -41.264158 -569.463984
 refine:       False       False       False       False       False       False                   False       False

 name  :       sig-2       sig-q
 value :  465.027651  312.533719
 refine:       False       False

 Background function: chebyschev Refine? True
 Coefficients:     39.107    -7.335    -3.009    12.322    23.048   -10.902   -17.274
 Fixed background file: ; mult: 1.000  Refine? False

 Refinement results:
---------------------------------------------------------------------------------------------------------------------------------------
 Number of function calls: 5 No. of observations: 2413 No. of parameters: 13 User rejected: 0 Sp. gp. extinct: 0
 Refinement time =    3.091s,    1.545s/cycle, for 2 cycles
 wR =    5.68%, chi**2 =      53758.7, GOF =   4.73
----------------------------------------------------------------------------------------------------------------------------------
Parameters generated by constraints

 name  :     1::AUiso:0
 value :        0.01771
 sig   :        0.00087 

 Phases:
 Result for phase: Manganese oxide
=======================================================================================================================================

 Atoms:
   name      x         y         z      frac   Uiso     U11     U22     U33     U12     U13     U23
---------------------------------------------------------------------------------------------------------------------------------------
    Mn1   Mn+2:
 values:   0.00000   0.00000   0.00000   1.000 0.00546
 sig   :                                               
     O1    O-2:
 values:   0.50000   0.50000   0.50000   1.000 0.00830
 sig   :                                               

 Density: 5.3859 g/cm**3
 Result for phase: Mn3Ga_CmCm
=======================================================================================================================================
 Reciprocal metric tensor: 
  names :            A11            A22            A33            A12            A13            A23
  values:    0.035031810    0.011216608    0.052950304    0.000000000    0.000000000    0.000000000
  esds  :    0.000001814    0.000000616    0.000003011                                             
 New unit cell:
  names :           a           b           c       alpha        beta       gamma      Volume
  values:    5.342797    9.442114    4.345760     90.0000     90.0000     90.0000     219.232
  esds  :    0.000138    0.000259    0.000124                                           0.008

 Atoms:
   name      x         y         z      frac   Uiso     U11     U22     U33     U12     U13     U23
---------------------------------------------------------------------------------------------------------------------------------------
  Mn1_1     Mn:
 values:   0.00000   0.16387   0.25000   0.978 0.01771
 sig   :            [0.00000]                  0.00087 
  Mn1_2     Mn:
 values:   0.25419   0.41806   0.25000   0.978 0.01771
 sig   :  [0.00000] [0.00000]                  (.00087)
  Ga1_1     Ga:
 values:   0.00000   0.66667   0.25000   1.005 0.00256
 sig   :            [0.00000]                  0.00020 

 Density: 7.0056 g/cm**3

 ISODISTORT Displacive Modes for phase Mn3Ga_CmCm
  P6_3/mmc[0,0,0]GM5+(a,0)[Mn1:h:dsp]A1(a)   0.0000
  P6_3/mmc[0,0,0]GM5+(a,0)[Mn1:h:dsp]B2(a)   0.0000
  P6_3/mmc[0,0,0]GM1+(a)[Mn1:h:dsp]A1(a)     0.0000
  P6_3/mmc[0,0,0]GM5+(a,0)[Ga1:d:dsp]E'(a)   -0.0000

 Phase: Manganese oxide in histogram: PWDR PG3_45614_200K.gsa Bank 1
=======================================================================================================================================
 Final refinement RF, RF^2 = 12.91%, 34.53% on 77 reflections
 Durbin-Watson statistic = 0.526
 Bragg intensity sum = 1.14e+04
 Phase fraction  :      0.055, sig          0 Weight fraction  :  0.01754, sig    0.00000

 Phase: Mn3Ga_CmCm in histogram: PWDR PG3_45614_200K.gsa Bank 1
=======================================================================================================================================
 Final refinement RF, RF^2 = 7.70%, 16.12% on 1433 reflections
 Durbin-Watson statistic = 0.526
 Bragg intensity sum = 5.38e+05
 Phase fraction  :      0.945, sig          0 Weight fraction  :  0.98246, sig    0.00000

 Histogram: PWDR PG3_45614_200K.gsa Bank 1 histogram Id: 0
=======================================================================================================================================
 PWDR histogram weight factor = 1.000
 Final refinement wR = 5.68% on 2413 observations in this histogram
 Other residuals: R = 5.39%, R-bkg = 8.28%, wR-bkg = 5.68% wRmin = 1.20%
 Instrument type: Debye-Scherrer

 Sample Parameters:
 names :         Scale    Absorption     DisplaceX     DisplaceY
 values:    13152.4424        0.0000        0.0000        0.0000
 sig   :      155.6970                                          

 Background function: chebyschev
 value :      37.33    0.5441     6.973    -8.261    -7.726     3.157      6.89
 sig   :     0.2409     1.026     2.328     4.436     6.496     4.147     5.146
 Background sums: empirical 9.77e+04, Debye 0, peaks 0, Total 9.77e+04
